WARNING:root:deep_ep is not installed, some functionalities may be limited.
[aiter] import [module_aiter_core] under /sgl-workspace/aiter/aiter/jit/module_aiter_core.so
/opt/venv/lib/python3.10/site-packages/apex/transformer/functional/fused_rope.py:49: UserWarning: Aiter backend is selected for fused RoPE. This has lower precision. To disable aiter, export USE_ROCM_AITER_ROPE_BACKEND=0
  warnings.warn("Aiter backend is selected for fused RoPE. This has lower precision. To disable aiter, export USE_ROCM_AITER_ROPE_BACKEND=0", UserWarning)
WARNING:fla.utils:Current Python version 3.10 is below the recommended 3.11 version. It is recommended to upgrade to Python 3.11 or higher for the best experience.
[ERROR] `cache_position` is part of Qwen3ASRThinkerTextModel.forward's signature, but not documented. Make sure to add it to the docstring of the function in /opt/venv/lib/python3.10/site-packages/megatron/bridge/models/qwen3_asr/hf_qwen3_asr/modeling_qwen3_asr.py.
[ERROR] `cache_position` is part of Qwen3ASRThinkerForConditionalGeneration.forward's signature, but not documented. Make sure to add it to the docstring of the function in /opt/venv/lib/python3.10/site-packages/megatron/bridge/models/qwen3_asr/hf_qwen3_asr/modeling_qwen3_asr.py.
2026-09-09 15:44:27,428	WARNING utils.py:473 -- Detecting docker specified CPUs. In previous versions of Ray, CPU detection in containers was incorrect. Please ensure that Ray has enough CPUs allocated. As a temporary workaround to revert to the prior behavior, set `RAY_USE_MULTIPROCESSING_CPU_COUNT=1` as an env var before starting Ray. Set the env var: `RAY_DISABLE_DOCKER_CPU_WARNING=1` to mute this warning.
2026-09-09 15:44:28,639	INFO worker.py:2015 -- Started a local Ray instance. View the dashboard at [1m[32m127.0.0.1:8265 [39m[22m
[36m(pid=24360)[0m WARNING:root:deep_ep is not installed, some functionalities may be limited.
[36m(pid=24360)[0m [aiter] import [module_aiter_core] under /sgl-workspace/aiter/aiter/jit/module_aiter_core.so
[36m(pid=24360)[0m /opt/venv/lib/python3.10/site-packages/apex/transformer/functional/fused_rope.py:49: UserWarning: Aiter backend is selected for fused RoPE. This has lower precision. To disable aiter, export USE_ROCM_AITER_ROPE_BACKEND=0
[36m(pid=24360)[0m   warnings.warn("Aiter backend is selected for fused RoPE. This has lower precision. To disable aiter, export USE_ROCM_AITER_ROPE_BACKEND=0", UserWarning)
[36m(pid=24360)[0m WARNING:fla.utils:Current Python version 3.10 is below the recommended 3.11 version. It is recommended to upgrade to Python 3.11 or higher for the best experience.
[36m(pid=24360)[0m [ERROR] `cache_position` is part of Qwen3ASRThinkerTextModel.forward's signature, but not documented. Make sure to add it to the docstring of the function in /opt/venv/lib/python3.10/site-packages/megatron/bridge/models/qwen3_asr/hf_qwen3_asr/modeling_qwen3_asr.py.
[36m(pid=24360)[0m [ERROR] `cache_position` is part of Qwen3ASRThinkerForConditionalGeneration.forward's signature, but not documented. Make sure to add it to the docstring of the function in /opt/venv/lib/python3.10/site-packages/megatron/bridge/models/qwen3_asr/hf_qwen3_asr/modeling_qwen3_asr.py.
[36m(pid=31182)[0m Current Python version 3.10 is below the recommended 3.11 version. It is recommended to upgrade to Python 3.11 or higher for the best experience.
[36m(pid=31183)[0m Current Python version 3.10 is below the recommended 3.11 version. It is recommended to upgrade to Python 3.11 or higher for the best experience.
[36m(pid=31184)[0m Current Python version 3.10 is below the recommended 3.11 version. It is recommended to upgrade to Python 3.11 or higher for the best experience.
[36m(pid=31185)[0m Current Python version 3.10 is below the recommended 3.11 version. It is recommended to upgrade to Python 3.11 or higher for the best experience.
[36m(pid=31185)[0m WARNING:root:deep_ep is not installed, some functionalities may be limited.
[36m(pid=31182)[0m WARNING:root:deep_ep is not installed, some functionalities may be limited.
[36m(pid=31183)[0m WARNING:root:deep_ep is not installed, some functionalities may be limited.
[36m(pid=31184)[0m WARNING:root:deep_ep is not installed, some functionalities may be limited.
[36m(pid=31185)[0m [aiter] import [module_aiter_core] under /sgl-workspace/aiter/aiter/jit/module_aiter_core.so
[36m(pid=31183)[0m [aiter] import [module_aiter_core] under /sgl-workspace/aiter/aiter/jit/module_aiter_core.so
[36m(pid=31182)[0m [aiter] import [module_aiter_core] under /sgl-workspace/aiter/aiter/jit/module_aiter_core.so
[36m(pid=31184)[0m [aiter] import [module_aiter_core] under /sgl-workspace/aiter/aiter/jit/module_aiter_core.so
[36m(pid=31185)[0m /opt/venv/lib/python3.10/site-packages/apex/transformer/functional/fused_rope.py:49: UserWarning: Aiter backend is selected for fused RoPE. This has lower precision. To disable aiter, export USE_ROCM_AITER_ROPE_BACKEND=0
[36m(pid=31185)[0m   warnings.warn("Aiter backend is selected for fused RoPE. This has lower precision. To disable aiter, export USE_ROCM_AITER_ROPE_BACKEND=0", UserWarning)
[36m(pid=31182)[0m /opt/venv/lib/python3.10/site-packages/apex/transformer/functional/fused_rope.py:49: UserWarning: Aiter backend is selected for fused RoPE. This has lower precision. To disable aiter, export USE_ROCM_AITER_ROPE_BACKEND=0
[36m(pid=31182)[0m   warnings.warn("Aiter backend is selected for fused RoPE. This has lower precision. To disable aiter, export USE_ROCM_AITER_ROPE_BACKEND=0", UserWarning)
[36m(pid=31183)[0m /opt/venv/lib/python3.10/site-packages/apex/transformer/functional/fused_rope.py:49: UserWarning: Aiter backend is selected for fused RoPE. This has lower precision. To disable aiter, export USE_ROCM_AITER_ROPE_BACKEND=0
[36m(pid=31183)[0m   warnings.warn("Aiter backend is selected for fused RoPE. This has lower precision. To disable aiter, export USE_ROCM_AITER_ROPE_BACKEND=0", UserWarning)
[36m(pid=31184)[0m /opt/venv/lib/python3.10/site-packages/apex/transformer/functional/fused_rope.py:49: UserWarning: Aiter backend is selected for fused RoPE. This has lower precision. To disable aiter, export USE_ROCM_AITER_ROPE_BACKEND=0
[36m(pid=31184)[0m   warnings.warn("Aiter backend is selected for fused RoPE. This has lower precision. To disable aiter, export USE_ROCM_AITER_ROPE_BACKEND=0", UserWarning)
[36m(pid=31185)[0m [ERROR] `cache_position` is part of Qwen3ASRThinkerTextModel.forward's signature, but not documented. Make sure to add it to the docstring of the function in /opt/venv/lib/python3.10/site-packages/megatron/bridge/models/qwen3_asr/hf_qwen3_asr/modeling_qwen3_asr.py.
[36m(pid=31185)[0m [ERROR] `cache_position` is part of Qwen3ASRThinkerForConditionalGeneration.forward's signature, but not documented. Make sure to add it to the docstring of the function in /opt/venv/lib/python3.10/site-packages/megatron/bridge/models/qwen3_asr/hf_qwen3_asr/modeling_qwen3_asr.py.
[36m(pid=31182)[0m [ERROR] `cache_position` is part of Qwen3ASRThinkerTextModel.forward's signature, but not documented. Make sure to add it to the docstring of the function in /opt/venv/lib/python3.10/site-packages/megatron/bridge/models/qwen3_asr/hf_qwen3_asr/modeling_qwen3_asr.py.
[36m(pid=31182)[0m [ERROR] `cache_position` is part of Qwen3ASRThinkerForConditionalGeneration.forward's signature, but not documented. Make sure to add it to the docstring of the function in /opt/venv/lib/python3.10/site-packages/megatron/bridge/models/qwen3_asr/hf_qwen3_asr/modeling_qwen3_asr.py.
[36m(pid=31183)[0m [ERROR] `cache_position` is part of Qwen3ASRThinkerTextModel.forward's signature, but not documented. Make sure to add it to the docstring of the function in /opt/venv/lib/python3.10/site-packages/megatron/bridge/models/qwen3_asr/hf_qwen3_asr/modeling_qwen3_asr.py.
[36m(pid=31183)[0m [ERROR] `cache_position` is part of Qwen3ASRThinkerForConditionalGeneration.forward's signature, but not documented. Make sure to add it to the docstring of the function in /opt/venv/lib/python3.10/site-packages/megatron/bridge/models/qwen3_asr/hf_qwen3_asr/modeling_qwen3_asr.py.
[36m(pid=31184)[0m [ERROR] `cache_position` is part of Qwen3ASRThinkerTextModel.forward's signature, but not documented. Make sure to add it to the docstring of the function in /opt/venv/lib/python3.10/site-packages/megatron/bridge/models/qwen3_asr/hf_qwen3_asr/modeling_qwen3_asr.py.
[36m(pid=31184)[0m [ERROR] `cache_position` is part of Qwen3ASRThinkerForConditionalGeneration.forward's signature, but not documented. Make sure to add it to the docstring of the function in /opt/venv/lib/python3.10/site-packages/megatron/bridge/models/qwen3_asr/hf_qwen3_asr/modeling_qwen3_asr.py.
[36m(pid=24361)[0m WARNING:root:deep_ep is not installed, some functionalities may be limited.
[36m(pid=24361)[0m [aiter] import [module_aiter_core] under /sgl-workspace/aiter/aiter/jit/module_aiter_core.so
[36m(pid=24361)[0m /opt/venv/lib/python3.10/site-packages/apex/transformer/functional/fused_rope.py:49: UserWarning: Aiter backend is selected for fused RoPE. This has lower precision. To disable aiter, export USE_ROCM_AITER_ROPE_BACKEND=0
[36m(pid=24361)[0m   warnings.warn("Aiter backend is selected for fused RoPE. This has lower precision. To disable aiter, export USE_ROCM_AITER_ROPE_BACKEND=0", UserWarning)
[36m(pid=24361)[0m WARNING:fla.utils:Current Python version 3.10 is below the recommended 3.11 version. It is recommended to upgrade to Python 3.11 or higher for the best experience.
[36m(pid=24361)[0m [ERROR] `cache_position` is part of Qwen3ASRThinkerTextModel.forward's signature, but not documented. Make sure to add it to the docstring of the function in /opt/venv/lib/python3.10/site-packages/megatron/bridge/models/qwen3_asr/hf_qwen3_asr/modeling_qwen3_asr.py.
[36m(pid=24361)[0m [ERROR] `cache_position` is part of Qwen3ASRThinkerForConditionalGeneration.forward's signature, but not documented. Make sure to add it to the docstring of the function in /opt/venv/lib/python3.10/site-packages/megatron/bridge/models/qwen3_asr/hf_qwen3_asr/modeling_qwen3_asr.py.
[36m(RolloutExecutor pid=24361)[0m [2026-09-09 15:45:03.313 rollout_executor] data.py:176 - message['content'] is a list of dicts, no processing will be done.
[36m(RolloutExecutor pid=24361)[0m [2026-09-09 15:45:03.313 rollout_executor] data.py:176 - message['content'] is a list of dicts, no processing will be done.
[36m(RolloutExecutor pid=24361)[0m [2026-09-09 15:45:03.323 rollout_executor] data.py:176 - message['content'] is a list of dicts, no processing will be done.
[36m(RolloutExecutor pid=24361)[0m [2026-09-09 15:45:03.323 rollout_executor] data.py:176 - message['content'] is a list of dicts, no processing will be done.
[36m(RolloutExecutor pid=24361)[0m [2026-09-09 15:45:03.327 rollout_executor] data.py:176 - message['content'] is a list of dicts, no processing will be done.
[36m(RolloutExecutor pid=24361)[0m [2026-09-09 15:45:03.327 rollout_executor] data.py:176 - message['content'] is a list of dicts, no processing will be done.
[36m(RolloutExecutor pid=24361)[0m [2026-09-09 15:45:03.327 rollout_executor] data.py:176 - message['content'] is a list of dicts, no processing will be done.
[36m(RolloutExecutor pid=24361)[0m [2026-09-09 15:45:03.327 rollout_executor] data.py:176 - message['content'] is a list of dicts, no processing will be done.
[36m(RolloutExecutor pid=24361)[0m [2026-09-09 15:45:03.327 rollout_executor] data.py:176 - message['content'] is a list of dicts, no processing will be done.
[36m(RolloutExecutor pid=24361)[0m [2026-09-09 15:45:03.327 rollout_executor] data.py:176 - message['content'] is a list of dicts, no processing will be done.
[36m(RolloutExecutor pid=24361)[0m [2026-09-09 15:45:03.327 rollout_executor] data.py:176 - message['content'] is a list of dicts, no processing will be done.
[36m(RolloutExecutor pid=24361)[0m [2026-09-09 15:45:03.327 rollout_executor] data.py:176 - message['content'] is a list of dicts, no processing will be done.
[36m(RolloutExecutor pid=24361)[0m [2026-09-09 15:45:03.327 rollout_executor] data.py:176 - message['content'] is a list of dicts, no processing will be done.
[36m(RolloutExecutor pid=24361)[0m [2026-09-09 15:45:03.327 rollout_executor] data.py:176 - message['content'] is a list of dicts, no processing will be done.
[36m(RolloutExecutor pid=24361)[0m [2026-09-09 15:45:03.327 rollout_executor] data.py:176 - message['content'] is a list of dicts, no processing will be done.
[36m(RolloutExecutor pid=24361)[0m [2026-09-09 15:45:03.327 rollout_executor] data.py:176 - message['content'] is a list of dicts, no processing will be done.
[36m(RolloutExecutor pid=24361)[0m [2026-09-09 15:45:03.347 rollout_executor] rollout_executor.py:92 - import repro_2406_rollout.generate_rollout as generate_rollout function.
[36m(RolloutExecutor pid=24361)[0m [2026-09-09 15:45:03.348 rollout_executor] rollout_executor.py:93 - import repro_2406_rollout.generate_rollout as eval_generate_rollout function.
[36m(FSDPTrainRayActor pid=31182)[0m [Gloo] Rank 0 is connected to 3 peer ranks. Expected number of connected peer ranks is : 3
[36m(FSDPTrainRayActor pid=31182)[0m [2026-09-09 15:45:03.401 actor_cell0_rank0] train_actor.py:125 - Detected ROCm/HIP environment, skipping NUMA affinity setup
[36m(FSDPTrainRayActor pid=31182)[0m [2026-09-09 15:45:03.402 actor_cell0_rank0] parallel.py:59 - [Rank 0] FSDP mesh shape=(4,), dp_replicate_size=1, dp_shard_size=4, dp_rank=0
[36m(FSDPTrainRayActor pid=31183)[0m [Gloo] Rank 1 is connected to 3 peer ranks. Expected number of connected peer ranks is : 3
[36m(FSDPTrainRayActor pid=31183)[0m [2026-09-09 15:45:03.401 actor_cell0_rank1] train_actor.py:125 - Detected ROCm/HIP environment, skipping NUMA affinity setup
[36m(FSDPTrainRayActor pid=31183)[0m [2026-09-09 15:45:03.402 actor_cell0_rank1] parallel.py:59 - [Rank 1] FSDP mesh shape=(4,), dp_replicate_size=1, dp_shard_size=4, dp_rank=1
[36m(FSDPTrainRayActor pid=31184)[0m [Gloo] Rank 2 is connected to 3 peer ranks. Expected number of connected peer ranks is : 3
[36m(FSDPTrainRayActor pid=31184)[0m [2026-09-09 15:45:03.401 actor_cell0_rank2] train_actor.py:125 - Detected ROCm/HIP environment, skipping NUMA affinity setup
[36m(FSDPTrainRayActor pid=31184)[0m [2026-09-09 15:45:03.402 actor_cell0_rank2] parallel.py:59 - [Rank 2] FSDP mesh shape=(4,), dp_replicate_size=1, dp_shard_size=4, dp_rank=2
[36m(FSDPTrainRayActor pid=31185)[0m [Gloo] Rank 3 is connected to 3 peer ranks. Expected number of connected peer ranks is : 3
[36m(FSDPTrainRayActor pid=31185)[0m [2026-09-09 15:45:03.401 actor_cell0_rank3] train_actor.py:125 - Detected ROCm/HIP environment, skipping NUMA affinity setup
[36m(FSDPTrainRayActor pid=31185)[0m [2026-09-09 15:45:03.402 actor_cell0_rank3] parallel.py:59 - [Rank 3] FSDP mesh shape=(4,), dp_replicate_size=1, dp_shard_size=4, dp_rank=3
[36m(FSDPTrainRayActor pid=31182)[0m [2026-09-09 15:45:05.653 actor_cell0_rank0] actor.py:294 - [Rank 0] tie_word_embeddings=True, loading full model to CPU on all ranks
[36m(FSDPTrainRayActor pid=31183)[0m [2026-09-09 15:45:05.653 actor_cell0_rank1] actor.py:294 - [Rank 1] tie_word_embeddings=True, loading full model to CPU on all ranks
[36m(FSDPTrainRayActor pid=31184)[0m [2026-09-09 15:45:05.653 actor_cell0_rank2] actor.py:294 - [Rank 2] tie_word_embeddings=True, loading full model to CPU on all ranks
[36m(FSDPTrainRayActor pid=31185)[0m [2026-09-09 15:45:05.653 actor_cell0_rank3] actor.py:294 - [Rank 3] tie_word_embeddings=True, loading full model to CPU on all ranks
[36m(FSDPTrainRayActor pid=31182)[0m Loading weights:   0%|          | 0/713 [00:00<?, ?it/s]
[36m(FSDPTrainRayActor pid=31183)[0m Loading weights:   0%|          | 0/713 [00:00<?, ?it/s]Loading weights: 100%|██████████| 713/713 [00:00<00:00, 17762.87it/s]
[36m(FSDPTrainRayActor pid=31184)[0m Loading weights:   0%|          | 0/713 [00:00<?, ?it/s]
[36m(FSDPTrainRayActor pid=31185)[0m Loading weights:   0%|          | 0/713 [00:00<?, ?it/s]
[36m(FSDPTrainRayActor pid=31182)[0m Loading weights: 100%|██████████| 713/713 [00:00<00:00, 14525.92it/s]
[36m(FSDPTrainRayActor pid=31184)[0m Loading weights: 100%|██████████| 713/713 [00:00<00:00, 12347.34it/s]
[36m(FSDPTrainRayActor pid=31185)[0m Loading weights: 100%|██████████| 713/713 [00:00<00:00, 15911.10it/s]
[36m(FSDPTrainRayActor pid=31184)[0m [2026-09-09 15:45:08.336 actor_cell0_rank2] actor.py:879 - FSDP MixedPrecision Policy: param_dtype=torch.bfloat16, reduce_dtype=torch.float32
[36m(FSDPTrainRayActor pid=31182)[0m [2026-09-09 15:45:08.420 actor_cell0_rank0] actor.py:879 - FSDP MixedPrecision Policy: param_dtype=torch.bfloat16, reduce_dtype=torch.float32
[36m(FSDPTrainRayActor pid=31183)[0m [2026-09-09 15:45:08.436 actor_cell0_rank1] actor.py:879 - FSDP MixedPrecision Policy: param_dtype=torch.bfloat16, reduce_dtype=torch.float32
[36m(FSDPTrainRayActor pid=31185)[0m [2026-09-09 15:45:08.382 actor_cell0_rank3] actor.py:879 - FSDP MixedPrecision Policy: param_dtype=torch.bfloat16, reduce_dtype=torch.float32
[36m(FSDPTrainRayActor pid=31183)[0m [2026-09-09 15:45:15.525 actor_cell0_rank1] lr_scheduler.py:80 - > learning rate decay style: constant
[36m(FSDPTrainRayActor pid=31184)[0m [2026-09-09 15:45:15.502 actor_cell0_rank2] lr_scheduler.py:80 - > learning rate decay style: constant
[36m(FSDPTrainRayActor pid=31185)[0m [2026-09-09 15:45:15.569 actor_cell0_rank3] lr_scheduler.py:80 - > learning rate decay style: constant
[36m(FSDPTrainRayActor pid=31182)[0m [2026-09-09 15:45:16.741 actor_cell0_rank0] lr_scheduler.py:80 - > learning rate decay style: constant
[36m(FSDPTrainRayActor pid=31182)[0m /opt/venv/lib/python3.10/site-packages/torch/distributed/distributed_c10d.py:4876: UserWarning: barrier(): using the device under current context. You can specify `device_id` in `init_process_group` to mute this warning.
[36m(FSDPTrainRayActor pid=31182)[0m   warnings.warn(  # warn only once
[36m(FSDPTrainRayActor pid=31182)[0m [2026-09-09 15:45:16.742 actor_cell0_rank0] timer.py:31 - Timer sleep start
[36m(FSDPTrainRayActor pid=31182)[0m [2026-09-09 15:45:16.742 actor_cell0_rank0] memory_utils.py:41 - [Rank 0] Memory-Usage before offload model: {'gpu': '0', 'total_GB': 287.98, 'free_GB': 279.37, 'used_GB': 8.62, 'allocated_GB': 4.17, 'reserved_GB': 6.08}
[36m(FSDPTrainRayActor pid=31183)[0m [2026-09-09 15:45:16.742 actor_cell0_rank1] memory_utils.py:41 - [Rank 1] Memory-Usage before offload model: {'gpu': '1', 'total_GB': 287.98, 'free_GB': 277.94, 'used_GB': 10.04, 'allocated_GB': 4.17, 'reserved_GB': 7.53}
[36m(FSDPTrainRayActor pid=31184)[0m [2026-09-09 15:45:16.742 actor_cell0_rank2] memory_utils.py:41 - [Rank 2] Memory-Usage before offload model: {'gpu': '2', 'total_GB': 287.98, 'free_GB': 277.94, 'used_GB': 10.04, 'allocated_GB': 4.17, 'reserved_GB': 7.53}
[36m(FSDPTrainRayActor pid=31185)[0m [2026-09-09 15:45:16.743 actor_cell0_rank3] memory_utils.py:41 - [Rank 3] Memory-Usage before offload model: {'gpu': '3', 'total_GB': 287.98, 'free_GB': 278.03, 'used_GB': 9.95, 'allocated_GB': 4.17, 'reserved_GB': 7.53}
[36m(FSDPTrainRayActor pid=31182)[0m [2026-09-09 15:45:18.740 actor_cell0_rank0] memory_utils.py:41 - [Rank 0] Memory-Usage after offload model: {'gpu': '0', 'total_GB': 287.98, 'free_GB': 285.45, 'used_GB': 2.54, 'allocated_GB': 0.0, 'reserved_GB': 0.0}
[36m(FSDPTrainRayActor pid=31182)[0m [2026-09-09 15:45:18.740 actor_cell0_rank0] timer.py:42 - Timer sleep end (elapsed: 2.0s)
[36m(FSDPTrainRayActor pid=31182)[0m [2026-09-09 15:45:18.740 actor_cell0_rank0] timer.py:31 - Timer train_wait start
[36m(FSDPTrainRayActor pid=31183)[0m [2026-09-09 15:45:18.739 actor_cell0_rank1] memory_utils.py:41 - [Rank 1] Memory-Usage after offload model: {'gpu': '1', 'total_GB': 287.98, 'free_GB': 285.47, 'used_GB': 2.51, 'allocated_GB': 0.0, 'reserved_GB': 0.0}
[36m(FSDPTrainRayActor pid=31184)[0m [2026-09-09 15:45:18.739 actor_cell0_rank2] memory_utils.py:41 - [Rank 2] Memory-Usage after offload model: {'gpu': '2', 'total_GB': 287.98, 'free_GB': 285.47, 'used_GB': 2.51, 'allocated_GB': 0.0, 'reserved_GB': 0.0}
[36m(FSDPTrainRayActor pid=31185)[0m [2026-09-09 15:45:18.740 actor_cell0_rank3] memory_utils.py:41 - [Rank 3] Memory-Usage after offload model: {'gpu': '3', 'total_GB': 287.98, 'free_GB': 285.56, 'used_GB': 2.42, 'allocated_GB': 0.0, 'reserved_GB': 0.0}
[36m(FSDPTrainRayActor pid=31182)[0m [2026-09-09 15:45:19.136 actor_cell0_rank0] timer.py:31 - Timer update_weights start
[36m(FSDPTrainRayActor pid=31182)[0m [2026-09-09 15:45:19.136 actor_cell0_rank0] timer.py:42 - Timer update_weights end (elapsed: 0.0s)
[36m(FSDPTrainRayActor pid=31182)[0m [2026-09-09 15:45:19.338 actor_cell0_rank0] timer.py:31 - Timer wake_up start
[36m(RolloutExecutor pid=24361)[0m [2026-09-09 15:45:19.313 rollout_executor] repro_2406_rollout.py:57 - deterministic_rollout rollout_id=0 fixture=0 image=False tokens=31 response=8
[36m(RolloutExecutor pid=24361)[0m [2026-09-09 15:45:19.317 rollout_executor] repro_2406_rollout.py:57 - deterministic_rollout rollout_id=0 fixture=1 image=True tokens=97 response=8
[36m(RolloutExecutor pid=24361)[0m [2026-09-09 15:45:19.318 rollout_executor] repro_2406_rollout.py:57 - deterministic_rollout rollout_id=0 fixture=2 image=False tokens=31 response=8
[36m(RolloutExecutor pid=24361)[0m [2026-09-09 15:45:19.319 rollout_executor] repro_2406_rollout.py:57 - deterministic_rollout rollout_id=0 fixture=3 image=False tokens=31 response=8
[36m(RolloutExecutor pid=24361)[0m [2026-09-09 15:45:19.322 rollout_executor] repro_2406_rollout.py:57 - deterministic_rollout rollout_id=0 fixture=4 image=True tokens=97 response=8
[36m(RolloutExecutor pid=24361)[0m [2026-09-09 15:45:19.324 rollout_executor] repro_2406_rollout.py:57 - deterministic_rollout rollout_id=0 fixture=5 image=True tokens=97 response=8
[36m(RolloutExecutor pid=24361)[0m [2026-09-09 15:45:19.325 rollout_executor] repro_2406_rollout.py:57 - deterministic_rollout rollout_id=0 fixture=6 image=False tokens=31 response=8
[36m(RolloutExecutor pid=24361)[0m [2026-09-09 15:45:19.327 rollout_executor] repro_2406_rollout.py:57 - deterministic_rollout rollout_id=0 fixture=7 image=True tokens=97 response=8
[36m(RolloutExecutor pid=24361)[0m [2026-09-09 15:45:19.327 rollout_executor] rollout_data_conversion.py:49 - Final collected 8 samples from rollout to train
[36m(RolloutExecutor pid=24361)[0m [2026-09-09 15:45:19.328 rollout_executor] metrics.py:89 - perf 0: {'rollout/num_training_samples': 8, 'rollout/episode_raw_reward': 0.0, 'rollout/episode_response_length/mean': 8.0, 'rollout/episode_response_length/median': 8.0, 'rollout/episode_response_length/max': 8, 'rollout/episode_response_length/min': 8, 'rollout/episode_total_response_length/mean': 8.0, 'rollout/response_len/mean': 8.0, 'rollout/response_len/median': 8.0, 'rollout/response_len/max': 8, 'rollout/response_len/min': 8, 'rollout/zero_std/count_0': 8, 'rollout/zero_std/all_zero_percentage': 0.0, 'rollout/zero_std/all_one_percentage': 0.0, 'rollout/prefix_cache_hit_rate': 0.0, 'rollout/avg_cached_tokens_per_sample': 0.0, 'rollout/repetition_frac': 0.0, 'rollout/truncated_ratio': 0.0, 'perf/rollout_time': 0.18605995178222656, 'perf/tokens_per_gpu_per_sec': 85.99378773744478, 'perf/longest_sample_tokens_per_sec': 42.99689386872239, 'perf/effective_tokens_per_gpu_per_sec': 85.99378773744478, 'perf/longest_effective_sample_tokens_per_sec': 42.99689386872239}
[2026-09-09 15:45:20.230 main] cell.py:247 - ft op=execute phase=fail cell=trainer-actor-0 fn=train elapsed_s=0.9
Traceback (most recent call last):
  File "/job/miles-validation-candidate/miles/ray/train/cell.py", line 232, in _execute_raw
    result = await asyncio.gather(
  File "/job/miles-validation-candidate/miles/utils/workers/ray_worker_handle.py", line 28, in call
    return await getattr(self._actor_handle, name).remote(**kwargs)
ray.exceptions.RayTaskError(AttributeError): [36mray::FSDPTrainRayActor.train()[39m (pid=31184, ip=10.24.112.179, actor_id=2e5835f76f835a0912f1ff8201000000, repr=<miles.backends.fsdp_utils.actor.FSDPTrainRayActor object at 0x7276a70c90c0>)
  File "/job/miles-validation-candidate/miles/backends/fsdp_utils/actor.py", line 465, in train
    rollout_data, store_get_result = get_rollout_data(self.args, rollout_data_ref, witness_info=None)
  File "/job/miles-validation-candidate/miles/backends/training_utils/data.py", line 84, in get_rollout_data
    max_compress_ratio = max(args.compress_ratios) if args.compress_ratios else 0
AttributeError: 'Namespace' object has no attribute 'compress_ratios'
[36m(FSDPTrainRayActor pid=31182)[0m [2026-09-09 15:45:20.227 actor_cell0_rank0] memory_utils.py:41 - [Rank 0] Memory-Usage after wake_up model: {'gpu': '0', 'total_GB': 287.98, 'free_GB': 281.26, 'used_GB': 6.73, 'allocated_GB': 4.16, 'reserved_GB': 4.19}
[36m(FSDPTrainRayActor pid=31182)[0m [2026-09-09 15:45:20.227 actor_cell0_rank0] timer.py:42 - Timer wake_up end (elapsed: 0.9s)
[36m(FSDPTrainRayActor pid=31182)[0m [2026-09-09 15:45:20.227 actor_cell0_rank0] timer.py:42 - Timer train_wait end (elapsed: 1.5s)
[36m(FSDPTrainRayActor pid=31182)[0m [2026-09-09 15:45:20.227 actor_cell0_rank0] timer.py:31 - Timer train start
[36m(FSDPTrainRayActor pid=31182)[0m [2026-09-09 15:45:20.232 actor_cell0_rank0] timer.py:42 - Timer train end (elapsed: 0.0s)
[36m(FSDPTrainRayActor pid=31182)[0m [2026-09-09 15:45:20.232 actor_cell0_rank0] timer.py:31 - Timer train_wait start
[36m(FSDPTrainRayActor pid=31183)[0m [2026-09-09 15:45:20.227 actor_cell0_rank1] memory_utils.py:41 - [Rank 1] Memory-Usage after wake_up model: {'gpu': '1', 'total_GB': 287.98, 'free_GB': 281.28, 'used_GB': 6.71, 'allocated_GB': 4.16, 'reserved_GB': 4.19}
[36m(FSDPTrainRayActor pid=31184)[0m [2026-09-09 15:45:20.227 actor_cell0_rank2] memory_utils.py:41 - [Rank 2] Memory-Usage after wake_up model: {'gpu': '2', 'total_GB': 287.98, 'free_GB': 281.28, 'used_GB': 6.71, 'allocated_GB': 4.16, 'reserved_GB': 4.19}
[36m(FSDPTrainRayActor pid=31185)[0m [2026-09-09 15:45:20.227 actor_cell0_rank3] memory_utils.py:41 - [Rank 3] Memory-Usage after wake_up model: {'gpu': '3', 'total_GB': 287.98, 'free_GB': 281.37, 'used_GB': 6.61, 'allocated_GB': 4.16, 'reserved_GB': 4.19}
[33m(raylet)[0m A worker died or was killed while executing a task by an unexpected system error. To troubleshoot the problem, check the logs for the dead worker. Lease ID: 06000000c2a3865ab2fb139d302add170661b48a69234d8fed4e1a0a45df0c83 Worker ID: e9f34c453f8fe3e8a69b7546852cdfec80566467ed114766dc935948 Node ID: 80d1de719c2cb15f9d75874257aeeca42df4a5b2ebc71078ce5f9b1c Worker IP address: 10.24.112.179 Worker port: 34081 Worker PID: 31183 Worker exit type: SYSTEM_ERROR Worker exit detail: Worker unexpectedly exits with a connection error code 2. End of file. Some common causes include: (1) the process was killed by the OOM killer due to high memory usage, (2) ray stop --force was called, or (3) the worker crashed unexpectedly due to SIGSEGV or another unexpected error. If the process was killed by the kernel OOM killer (verifiable by checking for OOM in dmesg of the OOMing node), consider enabling resource isolation via --enable-resource-isolation to prevent node deaths by resource contention and significant loss of progress by uninformed kernel OOM killing.
[33m(raylet)[0m A worker died or was killed while executing a task by an unexpected system error. To troubleshoot the problem, check the logs for the dead worker. Lease ID: 07000000c736e398c0bcc45ca9a4e4f94642d1fac636846899c40fefdf0c368a Worker ID: 9b328dbb25d2434132bb2cb22b9cf4492f4e7a49eab69927ba4a5c9d Node ID: 80d1de719c2cb15f9d75874257aeeca42df4a5b2ebc71078ce5f9b1c Worker IP address: 10.24.112.179 Worker port: 36707 Worker PID: 31184 Worker exit type: SYSTEM_ERROR Worker exit detail: Worker unexpectedly exits with a connection error code 2. End of file. Some common causes include: (1) the process was killed by the OOM killer due to high memory usage, (2) ray stop --force was called, or (3) the worker crashed unexpectedly due to SIGSEGV or another unexpected error. If the process was killed by the kernel OOM killer (verifiable by checking for OOM in dmesg of the OOMing node), consider enabling resource isolation via --enable-resource-isolation to prevent node deaths by resource contention and significant loss of progress by uninformed kernel OOM killing.
[33m(raylet)[0m A worker died or was killed while executing a task by an unexpected system error. To troubleshoot the problem, check the logs for the dead worker. Lease ID: 080000004c0c5cc39513f5d14633f13ea26f474ec9d2b991ae478d151f765cc2 Worker ID: 5b0ad48df2bfaa5188c54fd17bf93edfbf955f220d4c9d62cd293c3d Node ID: 80d1de719c2cb15f9d75874257aeeca42df4a5b2ebc71078ce5f9b1c Worker IP address: 10.24.112.179 Worker port: 44995 Worker PID: 31185 Worker exit type: SYSTEM_ERROR Worker exit detail: Worker unexpectedly exits with a connection error code 2. End of file. Some common causes include: (1) the process was killed by the OOM killer due to high memory usage, (2) ray stop --force was called, or (3) the worker crashed unexpectedly due to SIGSEGV or another unexpected error. If the process was killed by the kernel OOM killer (verifiable by checking for OOM in dmesg of the OOMing node), consider enabling resource isolation via --enable-resource-isolation to prevent node deaths by resource contention and significant loss of progress by uninformed kernel OOM killing.
[33m(raylet)[0m A worker died or was killed while executing a task by an unexpected system error. To troubleshoot the problem, check the logs for the dead worker. Lease ID: 050000006391737e608d23c4a89de06e4be63c9f8c612a376a68e2488a065c6d Worker ID: f1ae2b1411f4a3d6104aee82e0a12a524aebef2ba2d4345abef38322 Node ID: 80d1de719c2cb15f9d75874257aeeca42df4a5b2ebc71078ce5f9b1c Worker IP address: 10.24.112.179 Worker port: 46781 Worker PID: 31182 Worker exit type: SYSTEM_ERROR Worker exit detail: Worker unexpectedly exits with a connection error code 2. End of file. Some common causes include: (1) the process was killed by the OOM killer due to high memory usage, (2) ray stop --force was called, or (3) the worker crashed unexpectedly due to SIGSEGV or another unexpected error. If the process was killed by the kernel OOM killer (verifiable by checking for OOM in dmesg of the OOMing node), consider enabling resource isolation via --enable-resource-isolation to prevent node deaths by resource contention and significant loss of progress by uninformed kernel OOM killing.
[2026-09-09 15:45:20.528 main] async_utils.py:100 - execute_all_alive_and_catch#train error index=0
Traceback (most recent call last):
  File "/job/miles-validation-candidate/miles/ray/train/cell.py", line 98, in train
    return await self._execute_raw(
  File "/job/miles-validation-candidate/miles/ray/train/cell.py", line 232, in _execute_raw
    result = await asyncio.gather(
  File "/job/miles-validation-candidate/miles/utils/workers/ray_worker_handle.py", line 28, in call
    return await getattr(self._actor_handle, name).remote(**kwargs)
ray.exceptions.RayTaskError(AttributeError): [36mray::FSDPTrainRayActor.train()[39m (pid=31184, ip=10.24.112.179, actor_id=2e5835f76f835a0912f1ff8201000000, repr=<miles.backends.fsdp_utils.actor.FSDPTrainRayActor object at 0x7276a70c90c0>)
  File "/job/miles-validation-candidate/miles/backends/fsdp_utils/actor.py", line 465, in train
    rollout_data, store_get_result = get_rollout_data(self.args, rollout_data_ref, witness_info=None)
  File "/job/miles-validation-candidate/miles/backends/training_utils/data.py", line 84, in get_rollout_data
    max_compress_ratio = max(args.compress_ratios) if args.compress_ratios else 0
AttributeError: 'Namespace' object has no attribute 'compress_ratios'
[2026-09-09 15:45:20.529 main] group.py:249 - ft op=check errored=0 discarded= normal= decision=give_up reason="all alive cells failed"
Traceback (most recent call last):
  File "/job/miles-validation-candidate/miles/ray/train/cell.py", line 98, in train
    return await self._execute_raw(
  File "/job/miles-validation-candidate/miles/ray/train/cell.py", line 232, in _execute_raw
    result = await asyncio.gather(
  File "/job/miles-validation-candidate/miles/utils/workers/ray_worker_handle.py", line 28, in call
    return await getattr(self._actor_handle, name).remote(**kwargs)
ray.exceptions.RayTaskError(AttributeError): [36mray::FSDPTrainRayActor.train()[39m (pid=31184, ip=10.24.112.179, actor_id=2e5835f76f835a0912f1ff8201000000, repr=<miles.backends.fsdp_utils.actor.FSDPTrainRayActor object at 0x7276a70c90c0>)
  File "/job/miles-validation-candidate/miles/backends/fsdp_utils/actor.py", line 465, in train
    rollout_data, store_get_result = get_rollout_data(self.args, rollout_data_ref, witness_info=None)
  File "/job/miles-validation-candidate/miles/backends/training_utils/data.py", line 84, in get_rollout_data
    max_compress_ratio = max(args.compress_ratios) if args.compress_ratios else 0
AttributeError: 'Namespace' object has no attribute 'compress_ratios'

The above exception was the direct cause of the following exception:

Traceback (most recent call last):
  File "/job/miles-validation-candidate/train.py", line 182, in <module>
    asyncio.run(train(args))
  File "/usr/lib/python3.10/asyncio/runners.py", line 44, in run
    return loop.run_until_complete(main)
  File "/usr/lib/python3.10/asyncio/base_events.py", line 649, in run_until_complete
    return future.result()
  File "/job/miles-validation-candidate/train.py", line 132, in train
    await actor_model.train(rollout_id, rollout_data_pack)
  File "/job/miles-validation-candidate/miles/ray/train/group.py", line 206, in train
    worker_results = await retry(_fn, max_attempts=_RETRY_MAX_ATTEMPTS)
  File "/job/miles-validation-candidate/miles/utils/retry_utils.py", line 40, in retry
    return await fn(attempt)
  File "/job/miles-validation-candidate/miles/ray/train/group.py", line 191, in _fn
    self._check_train_one_attempt(snapshot_alive_cells, results)
  File "/job/miles-validation-candidate/miles/ray/train/group.py", line 257, in _check_train_one_attempt
    raise error from cause
miles.utils.retry_utils.NonRetryableError: All cells failed in this training attempt

EXIT_STATUS=1
