============================= test session starts ==============================
platform linux -- Python 3.10.12, pytest-9.0.3, pluggy-1.6.0
rootdir: /job/miles
configfile: pyproject.toml
collected 4 items

tests/fast/backends/megatron_utils/test_canonical_lora_gate.py ....      [100%]

=============================== warnings summary ===============================
../../opt/venv/lib/python3.10/site-packages/_pytest/config/__init__.py:1434
  /opt/venv/lib/python3.10/site-packages/_pytest/config/__init__.py:1434: PytestConfigWarning: Unknown config option: asyncio_mode

    self._warn_or_fail_if_strict(f"Unknown config option: {key}\n")

../../opt/venv/lib/python3.10/site-packages/Cython/Distutils/old_build_ext.py:15
../../opt/venv/lib/python3.10/site-packages/Cython/Distutils/old_build_ext.py:15
  /opt/venv/lib/python3.10/site-packages/Cython/Distutils/old_build_ext.py:15: DeprecationWarning: dep_util is Deprecated. Use functions from setuptools instead.
    from distutils.dep_util import newer, newer_group

../../sgl-workspace/triton-custom/python/triton/runtime/autotuner.py:101
  /sgl-workspace/triton-custom/python/triton/runtime/autotuner.py:101: DeprecationWarning: warmup, rep, and use_cuda_graph parameters are deprecated. See https://github.com/triton-lang/triton/pull/4496 for details.
    warnings.warn(("warmup, rep, and use_cuda_graph parameters are deprecated. See "

../../root/Megatron-LM/megatron/core/dist_checkpointing/strategies/torch.py:69
  /root/Megatron-LM/megatron/core/dist_checkpointing/strategies/torch.py:69: DeprecationWarning: transformer_engine.pytorch.float8_tensor is deprecated and will be removed in a future release. Float8Tensor should be imported directly through `from transformer_engine.pytorch import Float8Tensor`
    from transformer_engine.pytorch.float8_tensor import Float8Tensor

../../root/Megatron-LM/megatron/core/tensor_parallel/random.py:83
  /root/Megatron-LM/megatron/core/tensor_parallel/random.py:83: DeprecationWarning: Using deprecated internal API from Transformer Engine. transformer_engine.pytorch.fp8 will be removed in a future release.
    from transformer_engine.pytorch.fp8 import FP8GlobalStateManager, fp8_autocast

../../root/Megatron-LM/megatron/core/inference/contexts/__init__.py:9
  /root/Megatron-LM/megatron/core/inference/contexts/__init__.py:9: DeprecationWarning: The following imports from `dynamic_context.py` will be removed in this file in `megatron-core` 0.14. The imports here result in a cyclic import issue that causes rotary embeddings to import from Apex rather than Transformer Engine.
    warnings.warn(

../../opt/venv/lib/python3.10/site-packages/apex/transformer/functional/fused_rope.py:49
  /opt/venv/lib/python3.10/site-packages/apex/transformer/functional/fused_rope.py:49: UserWarning: Aiter backend is selected for fused RoPE. This has lower precision. To disable aiter, export USE_ROCM_AITER_ROPE_BACKEND=0
    warnings.warn("Aiter backend is selected for fused RoPE. This has lower precision. To disable aiter, export USE_ROCM_AITER_ROPE_BACKEND=0", UserWarning)

tests/fast/backends/megatron_utils/test_canonical_lora_gate.py::test_gated_canonical_lora_matches_unfused_reference
tests/fast/backends/megatron_utils/test_canonical_lora_gate.py::test_upstream_canonical_lora_rejects_gated_width
tests/fast/backends/megatron_utils/test_canonical_lora_gate.py::test_non_gated_canonical_lora_remains_unchanged
  /root/Megatron-LM/megatron/core/transformer/transformer_config.py:3060: UserWarning: full scope is deprecated. Use empty cuda_graph_modules to capture the whole layer.
    warnings.warn(

tests/fast/backends/megatron_utils/test_canonical_lora_gate.py: 30 warnings
  /root/Megatron-LM/megatron/core/tensor_parallel/layers.py:869: DeprecationWarning: Warning: tp_group is None, using default tp group. Passing tp_group will be mandatory soon
    self.tp_group = get_tensor_model_parallel_group_if_none(

-- Docs: https://docs.pytest.org/en/stable/how-to/capture-warnings.html
============================== slowest durations ===============================
1.80s call     tests/fast/backends/megatron_utils/test_canonical_lora_gate.py::test_gated_canonical_lora_matches_unfused_reference
0.02s setup    tests/fast/backends/megatron_utils/test_canonical_lora_gate.py::test_gated_canonical_lora_matches_unfused_reference
0.02s teardown tests/fast/backends/megatron_utils/test_canonical_lora_gate.py::test_non_gated_canonical_lora_remains_unchanged

(9 durations < 0.005s hidden.  Use -vv to show these durations.)
======================= 4 passed, 41 warnings in 15.97s ========================
